// Vitest Snapshot v1, https://vitest.dev/guide/snapshot.html

exports[`preset-animatecss 1`] = `
"/* layer: default */
.fluid-text-32-64 {
  font-size: clamp(2rem, 1.2958rem + 3.0047vw, 4rem) /* 32px -> 64px */;
}
.fluid-w-100-200 {
  width: clamp(6.25rem, 4.0493rem + 9.3897vw, 12.5rem) /* 100px -> 200px */;
}
.fluid-h-100-200 {
  height: clamp(6.25rem, 4.0493rem + 9.3897vw, 12.5rem) /* 100px -> 200px */;
}
.fluid-p-32-64 {
  padding: clamp(2rem, 1.2958rem + 3.0047vw, 4rem) /* 32px -> 64px */;
}
.fluid-m-20-40 {
  margin: clamp(1.25rem, 0.8099rem + 1.8779vw, 2.5rem) /* 20px -> 40px */;
}
.fluid-ml--50-25 {
  margin-left: clamp(-3.125rem, -4.7755rem + 7.0423vw, 1.5625rem)
    /* -50px -> 25px */;
}
.fluid-ml-50--25 {
  margin-left: clamp(-1.5625rem, 4.7755rem + -7.0423vw, 3.125rem)
    /* 50px -> -25px */;
}
.fluid-gap-32-64 {
  gap: clamp(2rem, 1.2958rem + 3.0047vw, 4rem) /* 32px -> 64px */;
}
"
`;
