// Vitest Snapshot v1, https://vitest.dev/guide/snapshot.html

exports[`presetVinicunca > targets 1`] = `
"/* layer: preflights */
 *, ::after, ::before, ::backdrop, ::file-selector-button { box-sizing: border-box;  margin: 0;  padding: 0;  border-width: 0;  border-style: solid;  border-color: var(--un-default-border-color, #e5e7eb);  }  html, :host { line-height: 1.5;  -webkit-text-size-adjust: 100%;  -moz-tab-size: 4;  tab-size: 4;  font-family: var( --default-font-family, ui-sans-serif, system-ui, sans-serif, 'Apple Color Emoji', 'Segoe UI Emoji', 'Segoe UI Symbol', 'Noto Color Emoji' );  font-feature-settings: var(--default-font-feature-settings, normal);  font-variation-settings: var(--default-font-variation-settings, normal);  -webkit-tap-highlight-color: transparent;  }  body { line-height: inherit; }  hr { height: 0;  color: inherit;  border-top-width: 1px;  }  abbr:where([title]) { -webkit-text-decoration: underline dotted; text-decoration: underline dotted; }  h1, h2, h3, h4, h5, h6 { font-size: inherit; font-weight: inherit; }  a { color: inherit; -webkit-text-decoration: inherit; text-decoration: inherit; }  b, strong { font-weight: bolder; }  code, kbd, samp, pre { font-family: var( --default-mono-font-family, ui-monospace, SFMono-Regular, Menlo, Monaco, Consolas, 'Liberation Mono', 'Courier New', monospace );  font-feature-settings: var(--default-mono-font-feature-settings, normal);  font-variation-settings: var(--default-mono-font-variation-settings, normal);  font-size: 1em;  }  small { font-size: 80%; }  sub, sup { font-size: 75%; line-height: 0; position: relative; vertical-align: baseline; } sub { bottom: -0.25em; } sup { top: -0.5em; }  table { text-indent: 0;  border-color: inherit;  border-collapse: collapse;  }  :-moz-focusring { outline: auto; }  progress { vertical-align: baseline; }  summary { display: list-item; }  ol, ul, menu { list-style: none; }  img, svg, video, canvas, audio, iframe, embed, object { display: block;  vertical-align: middle;  }  img, video { max-width: 100%; height: auto; }  button, input, optgroup, select, textarea, ::file-selector-button { font: inherit;  font-feature-settings: inherit;  font-variation-settings: inherit;  color: inherit;  border-radius: 0;  background-color: transparent;  opacity: 1;  }  :where(select:is([multiple], [size])) optgroup { font-weight: bolder; }  :where(select:is([multiple], [size])) optgroup option { padding-inline-start: 20px; }  ::file-selector-button { margin-inline-end: 4px; }  ::placeholder { opacity: 1;  color: color-mix(in oklab, currentColor 50%, transparent);  }  textarea { resize: vertical; }  ::-webkit-search-decoration { -webkit-appearance: none; }  ::-webkit-date-and-time-value { min-height: 1lh;  text-align: inherit;  }  ::-webkit-datetime-edit { display: inline-flex; }  ::-webkit-datetime-edit-fields-wrapper { padding: 0; } ::-webkit-datetime-edit, ::-webkit-datetime-edit-year-field, ::-webkit-datetime-edit-month-field, ::-webkit-datetime-edit-day-field, ::-webkit-datetime-edit-hour-field, ::-webkit-datetime-edit-minute-field, ::-webkit-datetime-edit-second-field, ::-webkit-datetime-edit-millisecond-field, ::-webkit-datetime-edit-meridiem-field { padding-block: 0; }  :-moz-ui-invalid { box-shadow: none; }  button, input:where([type='button'], [type='reset'], [type='submit']), ::file-selector-button { appearance: button; }  ::-webkit-inner-spin-button, ::-webkit-outer-spin-button { height: auto; }  [hidden]:where(:not([hidden='until-found'])) { display: none !important; }  [type='search'] { -webkit-appearance: textfield;  outline-offset: -2px;  }  ::-webkit-search-decoration { -webkit-appearance: none; }  ::-webkit-file-upload-button { -webkit-appearance: button;  font: inherit;  }  input::placeholder, textarea::placeholder { opacity: 1;  color: #9ca3af;  }  button, [role="button"] { cursor: pointer; }  :disabled { cursor: default; }
*,::before,::after{--un-rotate:0;--un-rotate-x:0;--un-rotate-y:0;--un-rotate-z:0;--un-scale-x:1;--un-scale-y:1;--un-scale-z:1;--un-skew-x:0;--un-skew-y:0;--un-translate-x:0;--un-translate-y:0;--un-translate-z:0;--un-pan-x: ;--un-pan-y: ;--un-pinch-zoom: ;--un-scroll-snap-strictness:proximity;--un-ordinal: ;--un-slashed-zero: ;--un-numeric-figure: ;--un-numeric-spacing: ;--un-numeric-fraction: ;--un-border-spacing-x:0;--un-border-spacing-y:0;--un-ring-offset-shadow:0 0 rgb(0 0 0 / 0);--un-ring-shadow:0 0 rgb(0 0 0 / 0);--un-shadow-inset: ;--un-shadow:0 0 rgb(0 0 0 / 0);--un-ring-inset: ;--un-ring-offset-width:0px;--un-ring-offset-color:#fff;--un-ring-width:0px;--un-ring-color:rgb(147 197 253 / 0.5);--un-blur: ;--un-brightness: ;--un-contrast: ;--un-drop-shadow: ;--un-grayscale: ;--un-hue-rotate: ;--un-invert: ;--un-saturate: ;--un-sepia: ;--un-backdrop-blur: ;--un-backdrop-brightness: ;--un-backdrop-contrast: ;--un-backdrop-grayscale: ;--un-backdrop-hue-rotate: ;--un-backdrop-invert: ;--un-backdrop-opacity: ;--un-backdrop-saturate: ;--un-backdrop-sepia: ;}::backdrop{--un-rotate:0;--un-rotate-x:0;--un-rotate-y:0;--un-rotate-z:0;--un-scale-x:1;--un-scale-y:1;--un-scale-z:1;--un-skew-x:0;--un-skew-y:0;--un-translate-x:0;--un-translate-y:0;--un-translate-z:0;--un-pan-x: ;--un-pan-y: ;--un-pinch-zoom: ;--un-scroll-snap-strictness:proximity;--un-ordinal: ;--un-slashed-zero: ;--un-numeric-figure: ;--un-numeric-spacing: ;--un-numeric-fraction: ;--un-border-spacing-x:0;--un-border-spacing-y:0;--un-ring-offset-shadow:0 0 rgb(0 0 0 / 0);--un-ring-shadow:0 0 rgb(0 0 0 / 0);--un-shadow-inset: ;--un-shadow:0 0 rgb(0 0 0 / 0);--un-ring-inset: ;--un-ring-offset-width:0px;--un-ring-offset-color:#fff;--un-ring-width:0px;--un-ring-color:rgb(147 197 253 / 0.5);--un-blur: ;--un-brightness: ;--un-contrast: ;--un-drop-shadow: ;--un-grayscale: ;--un-hue-rotate: ;--un-invert: ;--un-saturate: ;--un-sepia: ;--un-backdrop-blur: ;--un-backdrop-brightness: ;--un-backdrop-contrast: ;--un-backdrop-grayscale: ;--un-backdrop-hue-rotate: ;--un-backdrop-invert: ;--un-backdrop-opacity: ;--un-backdrop-saturate: ;--un-backdrop-sepia: ;}
/* layer: shortcuts */
.flex-center{display:flex;align-items:center;justify-content:center;}
/* layer: default */
.mt-5{margin-top:1.25rem;}
.translate-x-10{--un-translate-x:2.5rem;transform:translateX(var(--un-translate-x)) translateY(var(--un-translate-y)) translateZ(var(--un-translate-z)) rotate(var(--un-rotate)) rotateX(var(--un-rotate-x)) rotateY(var(--un-rotate-y)) rotateZ(var(--un-rotate-z)) skewX(var(--un-skew-x)) skewY(var(--un-skew-y)) scaleX(var(--un-scale-x)) scaleY(var(--un-scale-y)) scaleZ(var(--un-scale-z));}"
`;
